

##########################
Q1> Run script from URL directly in terminal

#curl -s http://example.com/script.sh | bash

-s means silent and don't display stats

#wget -qO - http://example.com/script.sh | bash
 -qO - 
 -O save content to file and then direct that to /dev/stdout to execute
 
 
###############################
Q2> Keyless ssh to rsync remote folder
source
#ssh-keygen -q -P ""
#cat /root/.ssh/id_rsa.pub

copy to remote system authorised_key

/usr/bin/rsync -e "ssh -o StrictHostKeyChecking=no -o UserKnownHostsFile=/dev/null"   -axvzKHS   --exclude 'nimda' --progress /home/*  192.168.10.236:/home/ 


############################
Q3> kill zombie process
search for zombie process
#ps aux | egrep "Z|defunct"
find the parent process
#ps -o ppid= <Child PID>
send sigchld process to parent
$ kill -s SIGCHLD <Parent PID>
or kill the process
$ kill -9 <Parent PID>
or restart the machine

###########################

Q4> List of users in samba

pdbedit -L -v
-L list all users
-v verbose


##############

blk_update_request: I/O error, dev fd0, sector 0
sudo rmmod floppy
echo "blacklist floppy" | sudo tee /etc/modprobe.d/blacklist-floppy.conf
sudo dpkg-reconfigure initramfs-tools


#########

btrfs device add -f /dev/sdb2 /
$ btrfs fi show /
$ btrfs balance start -v -mconvert=raid1 -dconvert=raid1 /
$ btrfs fi usage /
